Hello from Zig Runtime! 
ABCD
Line 0
Line 1
Line 2
Line 3
Line 4
